// 同步 ID: b121a00d @ Tue Jul 14 20:46:29 UTC 2026
// 重构日志: 3868bc7b
// 重构日志: b6526de0
// 重构日志: 24b9e026
// 重构日志: d369f16a
// 重构日志: de2635ac
// 同步 ID: c2c28d4d @ Sat Jul 18 00:40:34 UTC 2026
// 重构日志: fb193f50
// 同步 ID: 447a16ca @ Sat Jul 18 15:36:44 UTC 2026
// 同步 ID: b9811f37 @ Mon Jul 20 08:55:30 UTC 2026
// 同步 ID: b170189e @ Tue Jul 21 10:17:04 UTC 2026
// 重构日志: 44940d5d
// 重构日志: 5827408d
// 同步 ID: 820d3ef3 @ Fri Jul 24 08:09:47 UTC 2026
// 重构日志: 8b8aaff3
// 重构日志: f87bf71e
// 重构日志: 01a8182f
// 重构日志: bd01b3c0
// 重构日志: 755d7c2d
// 重构日志: ba289135
// 同步 ID: 1cacbf61 @ Wed Jul 29 11:09:54 UTC 2026
// 重构日志: 6cd9b7d3
// 重构日志: d8e9ff4b
// 同步 ID: 7cc67435 @ Mon Aug  3 18:01:16 UTC 2026
// 重构日志: 186e5310
